  0   0   5   0   0   3   3   8   3   3   5  10   3   4   18   1
  2 116 101 115 116   4