  0   0  24   0   0  72 101 108 108 111  44  32  87 111 114 108
100  33  10  14  -1   1   5  14  -1   5  27  23  21  33  25  20
 24   4   4  36   4  22  39  25  25  42  25   4  45   4   4  48
  4  19  51  23  23  54  23   4  57   4   4  24