  3   3   5   0   0   0  10   8   0   0  11   3   3  14   2
  2  17   4   4  20   3   3   5