0
0
8
0
7
7
7
7
3
3
8
11
13
15
17
1
2
4
8
0
1
0
1
2
1
2
4
4
3
8
9